----[Wed Apr  8 11:55:35 PM -03 2026 STORAGE & LVM AUDIT START ----]
System: 
[!] Block Device Mapping:
NAME                 SIZE TYPE  FSTYPE            MOUNTPOINT
loop10                 1G loop  linux_raid_member 
└─md0               1022M raid1 LVM2_member       
  └─vg_lab-lv_data   500M lvm   ext4              /mnt/secure_storage
loop11                 1G loop  linux_raid_member 
└─md0               1022M raid1 LVM2_member       
  └─vg_lab-lv_data   500M lvm   ext4              /mnt/secure_storage
sda                931.5G disk                    
├─sda1               976M part  vfat              /boot/efi
├─sda2             926.6G part  ext4              /
└─sda3               3.9G part  swap              [SWAP]
[!] Raid 1 Status (Redundancy Check):
Personalities : [raid1] 
md0 : active raid1 loop11[1] loop10[0]
      1046528 blocks super 1.2 [2/2] [UU]
      bitmap: 0/1 pages [0KB], 65536KB chunk

unused devices: <none>
             State : clean 
   Working Devices : 2
[!] LVM Layer Audit:
---- Physical Volumes ----
  PV         VG     Fmt  Attr PSize    PFree  
  /dev/md0   vg_lab lvm2 a--  1020.00m 520.00m
---- Volume Groups ----
  VG     #PV #LV #SN Attr   VSize    VFree  
  vg_lab   1   1   0 wz--n- 1020.00m 520.00m
---- Logical Volumes ----
  LV      VG     Attr       LSize   Pool Origin Data%  Meta%  Move Log Cpy%Sync Convert
  lv_data vg_lab -wi-ao---- 500.00m                                                    
[!] Mount Point Security Audit:
/dev/mapper/vg_lab-lv_data on /mnt/secure_storage type ext4 (rw,nosuid,nodev,noexec,relatime)
---- [Wed Apr  8 11:55:35 PM -03 2026] AUDIT COMPLETE ----
